Error: requires a filepath
Usage:
   apply [flags]

Flags:
  -h, --help   help for apply

