Executing command: echo hello world
echo hello world 
